{"add":
{"doc":{
"lucky_numbers_ds":"21",
"lucky_numbers_ds":"17",
"lucky_numbers_ds":"13",
"a_number_d":"1.10000000000000000000e+06",
"married_b":"false",
"alive_b":"true",
"books_authors_txt":"Patrick Valduriez",
"books_authors_txt":"M. Tamer \u00d6zsu",
"books_title_txt":"Principles of Distributed Database Systems",
"books_authors_txt":"Hinrich Sch\u00fctze",
"books_authors_txt":"Prabhakar Raghavan",
"books_authors_txt":"Christopher D. Manning",
"books_title_txt":"Introduction to Information Retrieval",
"pets_txt":"bandit",
"pets_txt":"smokey",
"age_d":"29",
"name_t":"ryan"
}}}